AcurastProxy: KT1Ai5pLG5UPivBAzkDtEsBJtGoneUGLw8Xm
