IBCF_Validator: 0x8687ddcC439DbB3f479D035902DD2a4c19a3f259
TEST_ERC20: 0x963b7426C92e8844Ef9097F098c5dd10590723b5
IBCF_Bridge: 0x59896cf96A18C6882A445E4A5d2467b32f31C0a1
IBCF_Crowdfunding: 0x78E049f016Ae89c22606B2A7662e1491537ef532