IBCF_Validator: 0xd0ca0c73707727d9b758bBeFFc6cDcC1Dba9De39
TEST_ERC20: 0x3c75cb2220cAb905c902080E716e9Be008a3e402
IBCF_Bridge: 0xB18E503FF95Ff3F8CA212b1F9a555Aff7D34F7eb
IBCF_Crowdfunding: 0x4d25ff2F625D84016c6ACf245B664d84810Ad445