IBCF_Validator: 0xE258F751a56343b722263cbF9Fdf3e71F1815cAA
TEST_ERC20: 0xc64c14C16D8619222dCc490d2c0624a353De9545
IBCF_Bridge: 0x945BEeA0C9C8052764e8Ef54a571386Cd1027BF1
IBCF_Crowdfunding: 0x79a20860c063a70EB483f5b6fb70b9CaDb022729
