Acurast_Asset: 0x3D9aE09c73D9E8C4f02117156d1717C556f4C581
MMR_Validator: 0xa9878d344d3D04b0768864fb4917AF1F740f919C
Acurast_Gateway: 0x0dc6C6ca610f6F4458baa7257F0Df038e2eD8A7b
Acurast_GatewayV2: 0x0dc6C6ca610f6F4458baa7257F0Df038e2eD8A7b
