IBCF_Validator: 0x6a8fE13d57998834feA5181607a8a3f4Cd0B42d4
TEST_ERC20: 0x162219eF98D2329a512738B02EF80FCDbe1B298A
IBCF_Bridge: 0xB709A925CED4b900bFF971C2c88AFDD1767aEF9F
IBCF_Crowdfunding: 0xD392928Bac5995c2bE96fE75583B2C3F250d9aAd
