894 __SNAPSHOTS__/compilation/tezos/IBCF_Client/IBCF_Client/step_000_cont_0_contract.tz
52498 __SNAPSHOTS__/compilation/tezos/IBCF/state_aggregator/step_000_cont_0_contract.tz
