107809 __SNAPSHOTS__/compilation/tezos/IBCF_Eth_Validator/IBCF_Eth_Validator/step_000_cont_0_contract.tz
15742 __SNAPSHOTS__/compilation/tezos/blueprints/BridgedAsset/BridgedAsset/step_000_cont_0_contract.tz
36951 __SNAPSHOTS__/compilation/tezos/ligo/IBCF_Aggregator_contract.tz
41103 __SNAPSHOTS__/compilation/tezos/IBCF_Aggregator/IBCF_Aggregator/step_000_cont_0_contract.tz
67293 __SNAPSHOTS__/compilation/tezos/blueprints/IBCF_Bridge/IBCF_Bridge/step_000_cont_0_contract.tz
